"Bad Blood" "https://github.com/HyDE-Project/hyde-gallery/tree/Bad-Blood"
"Mac OS" "https://github.com/HyDE-Project/hyde-gallery/tree/Mac-Os"
"Windows 11" "https://github.com/HyDE-Project/hyde-gallery/tree/Windows-11"
"Hack the Box" "https://github.com/HyDE-Project/hyde-gallery/tree/Hack-the-Box"
"One Dark" "https://github.com/RAprogramm/HyDe-Themes/tree/One-Dark"
"Dracula" "https://github.com/RAprogramm/HyDe-Themes/tree/Dracula"
"Catppuccin Latte" "https://github.com/HyDE-Project/hyde-themes/tree/Catppuccin-Latte"
"Catppuccin Mocha" "https://github.com/HyDE-Project/hyde-themes/tree/Catppuccin-Mocha"
"Decay Green" "https://github.com/HyDE-Project/hyde-themes/tree/Decay-Green"
"Edge Runner" "https://github.com/HyDE-Project/hyde-themes/tree/Edge-Runner"
"Frosted Glass" "https://github.com/HyDE-Project/hyde-themes/tree/Frosted-Glass"
"Graphite Mono" "https://github.com/HyDE-Project/hyde-themes/tree/Graphite-Mono"
"Gruvbox Retro" "https://github.com/HyDE-Project/hyde-themes/tree/Gruvbox-Retro"
"Material Sakura" "https://github.com/HyDE-Project/hyde-themes/tree/Material-Sakura"
"Nordic Blue" "https://github.com/HyDE-Project/hyde-themes/tree/Nordic-Blue"
"Sci-fi" "https://github.com/KaranRaval123/Sci-fi"
"Synth Wave" "https://github.com/HyDE-Project/hyde-themes/tree/Synth-Wave"
"Tokyo Night" "https://github.com/HyDE-Project/hyde-themes/tree/Tokyo-Night"
"Rosé Pine" "https://github.com/HyDE-Project/hyde-themes/tree/Rose-Pine"
"AbyssGreen" "https://github.com/Itz-Abhishek-Tiwari/AbyssGreen"
"Abyssal-Wave" "https://github.com/Itz-Abhishek-Tiwari/Abyssal-Wave"
"Red Stone" "https://github.com/mahaveergurjar/Theme-Gallery/tree/Red-Stone"
"Rain Dark" "https://github.com/rishav12s/Rain-Dark"
"Paranoid Sweet" "https://github.com/rishav12s/Paranoid-Sweet"
"Solarized Dark" "https://github.com/rishav12s/Solarized-Dark"
"Green Lush" "https://github.com/abenezerw/Green-Lush"
"Greenify" "https://github.com/mahaveergurjar/Theme-Gallery/tree/Greenify"
"Monokai" "https://github.com/mahaveergurjar/Theme-Gallery/tree/Monokai"
"Scarlet Night" "https://github.com/abenezerw/Scarlet-Night"
"Oxo Carbon" "https://github.com/rishav12s/Oxo-Carbon"
"Ice Age" "https://github.com/saber-88/Ice-Age"
"Cat Latte" "https://github.com/rishav12s/Cat-Latte"
"Monterey Frost" "https://github.com/rishav12s/Monterey-Frost"
"Pixel Dream" "https://github.com/rishav12s/Pixel-Dream"
"Crimson Blade" "https://github.com/cyb3rgh0u1/Crimson-Blade"
"Vanta Black" "https://github.com/rishav12s/Vanta-Black"
"Another World" "https://github.com/cyb3rgh0u1/Another-World"
"Eternal Arctic" "https://github.com/rishav12s/Eternal-Arctic"
#"Bad Blood" "https://github.com/HyDE-Project/hyde-gallery/tree/Bad-Blood"
#"Mac OS" "https://github.com/HyDE-Project/hyde-gallery/tree/Mac-Os"
#"Windows 11" "https://github.com/HyDE-Project/hyde-gallery/tree/Windows-11"
#"Hack the Box" "https://github.com/HyDE-Project/hyde-gallery/tree/Hack-the-Box"
#"One Dark" "https://github.com/RAprogramm/HyDe-Themes/tree/One-Dark"
#"Dracula" "https://github.com/RAprogramm/HyDe-Themes/tree/Dracula"
#"Catppuccin Latte" "https://github.com/HyDE-Project/hyde-themes/tree/Catppuccin-Latte"
#"Catppuccin Mocha" "https://github.com/HyDE-Project/hyde-themes/tree/Catppuccin-Mocha"
#"Decay Green" "https://github.com/HyDE-Project/hyde-themes/tree/Decay-Green"
#"Edge Runner" "https://github.com/HyDE-Project/hyde-themes/tree/Edge-Runner"
#"Frosted Glass" "https://github.com/HyDE-Project/hyde-themes/tree/Frosted-Glass"
#"Graphite Mono" "https://github.com/HyDE-Project/hyde-themes/tree/Graphite-Mono"
#"Gruvbox Retro" "https://github.com/HyDE-Project/hyde-themes/tree/Gruvbox-Retro"
#"Material Sakura" "https://github.com/HyDE-Project/hyde-themes/tree/Material-Sakura"
#"Nordic Blue" "https://github.com/HyDE-Project/hyde-themes/tree/Nordic-Blue"
#"Sci-fi" "https://github.com/KaranRaval123/Sci-fi"
#"Synth Wave" "https://github.com/HyDE-Project/hyde-themes/tree/Synth-Wave"
#"Tokyo Night" "https://github.com/HyDE-Project/hyde-themes/tree/Tokyo-Night"
#"Rosé Pine" "https://github.com/HyDE-Project/hyde-themes/tree/Rose-Pine"
#"AbyssGreen" "https://github.com/Itz-Abhishek-Tiwari/AbyssGreen"
#"Abyssal-Wave" "https://github.com/Itz-Abhishek-Tiwari/Abyssal-Wave"
#"Red Stone" "https://github.com/mahaveergurjar/Theme-Gallery/tree/Red-Stone"
#"Rain Dark" "https://github.com/rishav12s/Rain-Dark"
#"Paranoid Sweet" "https://github.com/rishav12s/Paranoid-Sweet"
#"Solarized Dark" "https://github.com/rishav12s/Solarized-Dark"
#"Green Lush" "https://github.com/abenezerw/Green-Lush"
#"Greenify" "https://github.com/mahaveergurjar/Theme-Gallery/tree/Greenify"
#"Monokai" "https://github.com/mahaveergurjar/Theme-Gallery/tree/Monokai"
#"Scarlet Night" "https://github.com/abenezerw/Scarlet-Night"
#"Oxo Carbon" "https://github.com/rishav12s/Oxo-Carbon"
#"Ice Age" "https://github.com/saber-88/Ice-Age"
#"Cat Latte" "https://github.com/rishav12s/Cat-Latte"
#"Monterey Frost" "https://github.com/rishav12s/Monterey-Frost"
#"Pixel Dream" "https://github.com/rishav12s/Pixel-Dream"
#"Crimson Blade" "https://github.com/cyb3rgh0u1/Crimson-Blade"
#"Vanta Black" "https://github.com/rishav12s/Vanta-Black"
#"Another World" "https://github.com/cyb3rgh0u1/Another-World"
#"Eternal Arctic" "https://github.com/rishav12s/Eternal-Arctic"
